Report time       : Tue Nov 10 09:24:50     2020.
Solution          : Pipeline_2ports.
Simulation tool   : xsim.

+----------+----------+-----------------------------------------------+-----------------------------------------------+
|          |          |                    Latency                    |                    Interval                   |
+   RTL    +  Status  +-----------------------------------------------+-----------------------------------------------+
|          |          |      min      |      avg      |      max      |      min      |      avg      |      max      |
+----------+----------+-----------------------------------------------+-----------------------------------------------+
|      VHDL|        NA|             NA|             NA|             NA|             NA|             NA|             NA|
|   Verilog|      Pass|           2752|           2752|           2752|             NA|             NA|             NA|
+----------+----------+-----------------------------------------------+-----------------------------------------------+
