Report time       : Tue Nov 10 10:15:59     2020.
Solution          : Pipeline_unroll.
Simulation tool   : xsim.

+----------+----------+-----------------------------------------------+-----------------------------------------------+
|          |          |                    Latency                    |                    Interval                   |
+   RTL    +  Status  +-----------------------------------------------+-----------------------------------------------+
|          |          |      min      |      avg      |      max      |      min      |      avg      |      max      |
+----------+----------+-----------------------------------------------+-----------------------------------------------+
|      VHDL|        NA|             NA|             NA|             NA|             NA|             NA|             NA|
|   Verilog|      Pass|           9424|           9424|           9424|             NA|             NA|             NA|
+----------+----------+-----------------------------------------------+-----------------------------------------------+
